[H[2J[3J
Graph API

1) Novo Grafo
2) Grafos Existentes
X) Sair

Op√ß√£o: [H[2J[3J
Novo Grafo

1) Direcionado
2) N√£o Direcionado
V) Voltar

Op√ß√£o: [H[2J[3J
Grafo 1

Tipo: N√£o direcionado

V√©rtices:


Arestas:


1) Novo v√©rtice
2) Nova aresta
3) Remover v√©rtice
4) Remover Aresta
5) Algoritmos

E) Excluir grafo
V) Voltar

Op√ß√£o: [H[2J[3J
Grafos Existentes

1) Grafo 1
V) Voltar

Op√ß√£o: [H[2J[3J
Graph API

1) Novo Grafo
2) Grafos Existentes
X) Sair

Op√ß√£o: [H[2J[3J
Grafos Existentes

1) Grafo 1
V) Voltar

Op√ß√£o: [H[2J[3J
Grafo 1

Tipo: N√£o direcionado

V√©rtices:


Arestas:


1) Novo v√©rtice
2) Nova aresta
3) Remover v√©rtice
4) Remover Aresta
5) Algoritmos

E) Excluir grafo
V) Voltar

Op√ß√£o: 